44 86
SSSSSSSSSSSSSSSSSSSSSSSSSSSSSSSSSSSSSSSSSSSSSSSSSSSSSSSSSSSSSSSSSSSSSSSSSSSSSSSSSSSSSS
S....................................................................................S
S....................................................................................S
S....................................................................................S
S....................................................................................S
S....................................................................................S
S....................................................................................S
S....................................................................................S
S....................................................................................S
S....................................................................................S
S....................................................................................S
S....................................................................................S
S....................................................................................S
S....................................................................................S
S....................................................................................S
S....................................................................................S
S....................................................................................S
S....................................................................................S
S....................................................................................S
S.................................P..................................................S
S...............................S.D.D................................................S
S...............................SSSSS................................................S
S................................S.S.................................................S
S..............................................S...........................S.........S
S.............................................SSS..........................S.........S
S............................................SSSSS.........................S.........S
SDDDDD......................................SSSSSSS........................S.........S
SDDDDDD....................................SSSSSSSSS.......................S.........S
SDDDDDDDDDDDDDBDDDDDDDDDDDDDDDDDDDDD...DDDDDDDDDDDDDD.......DDDDDDDDDDDDDDDDDDDDDDDDDS
SSDDDDDDDDDDDDDDDDDDDDDDDDDDDDDDDDD....DDDDDDDDDDDDSSS..........SSSSSSSSSSSSSSSSSSSSSS
SSSDDDDDDDDDDDDDDDDDDDDDDDDDDDDDDDD...DDDDDDDDDDDDDSSSS.............SSSSSSSSSSSSSSSSSS
SSSSSSSDDDDDDDDDDDDDDDDDDDDDDDDDDDD...DDDDDDDDSSSSSSSSSS............SSSSSSSSSSSSSSSSSS
SSSSSSSSSSSSSSDDDDDDDDSSSSSSSDDDD....DDDDDDSSSSSSSSSSSSSSSS.........SSSSSSSSSSSSSSSSSS
SSSSSSSSSSSSSSSSDDDSSSSSSSSSSSSSS....SSSSSSSSSSSSSSSSSSSSSSSS.......SSSSSSSSSSSSSSSSSS
SSSSSSSSSSSSSSSSSDSSSSSSSSSSSSSSS...SSSSSSSSSSSSSSSSSSSSSSSSSS......SSSSSSSSSSSSSSSSSS
SSSSSSSSSSSSSSSSSSSSSSSSSSSSSSSS...SSSSSSSSSSSSSSSSSSSSSSSSSSSSS........SSSSSSSSSSSSSS
SSSSSSSSSSSSSSSSSSSSSSSSSSSSSS.....SSSSSSSSSSSSSSSSSSSSSSSSSSSSS........SSSSSSSSSSSSSS
SSSSSSSSSSSSSSSSSSSSSSSSSSSSSS.....SSSSSSSSSSSSSSSSSSSSSSSSSSSSSSS.......SSSSSSSSSSSSS
SSSSSSSSSSSSSSSSSSSSSSSSSSSSSS....SSSSSSSSSSSSSSSSSSSSSSSSSSSSSSSS.......SSSSSSSSSSSSS
SSSSSSSSSSSSSSSSSSSSSSSSSSSSSSS..........................................SSSSSSSSSSSSS
SSSSSSSSSSSSSSSSSSSSSSSSSSSSSS.S.........................................SSSSSSSSSSSSS
SSSSSSSSSSSSSSSSSSSSSSSSSSSSSS.......DDD......DDDD.......DDDDD....SSSSSSSSSSSSSSSSSSSS
SSSSSSSSSSSSSSSSSSSSSSSSSSSSSSSSSSSSSSSSSSSSSSSSSSSSSSSSSSSSSSSSSSSSSSSSSSSSSSSSSSSSSS
SSSSSSSSSSSSSSSSSSSSSSSSSSSSSSSSSSSSSSSSSSSSSSSSSSSSSSSSSSSSSSSSSSSSSSSSSSSSSSSSSSSSSS